com.answerdigital.answerking.integration.controller.CategoryControllerIntegrationTests.getAllProductsByCategoryTest=[
  "[{\"id\":1,\"name\":\"Burger\",\"description\":\"300g Beef\",\"price\":6.69,\"retired\":false,\"tags\":[]},{\"id\":3,\"name\":\"Fries\",\"description\":\"Large Fries\",\"price\":2.99,\"retired\":false,\"tags\":[]}]"
]